|2026-07-29 06:18:47||Service: ProductService|-|User: 1|-|Role: ROLE_CUSTOMER|-|INFO|-|Message|-|RequestId: cc1426f9-c7c9-42a6-94c4-052cb2c3b587|
|2026-07-29 06:50:02||Service: ProductService|-|User: 1|-|Role: ROLE_CUSTOMER|-|INFO|-|Message|-|RequestId: c5ca80a5-483a-4a76-93e3-c6d07ab07f00|
|2026-07-29 06:54:16||Service: ProductService|-|User: 3|-|Role: ROLE_CUSTOMER|-|INFO|-|Message|-|RequestId: 40eef55b-60f3-435b-aff6-5cce2f80ddd4|
|2026-07-29 06:55:51||Service: ProductService|-|User: 3|-|Role: ROLE_CUSTOMER|-|INFO|-|Payment Initiated|-|RequestId: 735e4612-173d-4f39-b654-3d4570c99c2d|
|2026-07-29 06:55:51||Service: ProductService|-|User: 3|-|Role: ROLE_CUSTOMER|-|INFO|-|Order placed successfully|-|RequestId: 611e3f94-191b-4083-8657-eeb21d899805|
|2026-07-29 07:12:02||Service: ProductService|-|User: 3|-|Role: ROLE_CUSTOMER|-|INFO|-|Message|-|RequestId: 11096912-dd3d-4ef0-95e9-5fbb7f621898|
|2026-07-29 07:12:37||Service: ProductService|-|User: 3|-|Role: ROLE_CUSTOMER|-|INFO|-|Payment Initiated|-|RequestId: 2cbeb2c3-befc-4576-93b0-7e04ac416a16|
|2026-07-29 07:12:37||Service: ProductService|-|User: 3|-|Role: ROLE_CUSTOMER|-|INFO|-|Order placed successfully|-|RequestId: 066e0c3b-568f-48d2-90c3-bd9c188a8226|
|2026-07-29 07:15:21||Service: ProductService|-|User: 3|-|Role: ROLE_CUSTOMER|-|INFO|-|Payment Initiated|-|RequestId: 9087b9b8-c170-408e-bee9-a84c515578bb|
|2026-07-29 07:15:22||Service: ProductService|-|User: 3|-|Role: ROLE_CUSTOMER|-|INFO|-|Order placed successfully|-|RequestId: 84efefbf-5481-4b97-b829-79d000c84bff|
|2026-07-29 07:25:36||Service: ProductService|-|User: 3|-|Role: ROLE_CUSTOMER|-|INFO|-|Message|-|RequestId: fae0de47-fe55-4bad-bbcf-1f092150290f|
|2026-07-29 08:44:03||Service: ProductService|-|User: 3|-|Role: ROLE_CUSTOMER|-|INFO|-|Message|-|RequestId: a65c7bc6-963a-42b6-9d28-0e3bd7cd5671|
|2026-07-29 08:48:15||Service: ProductService|-|User: 3|-|Role: ROLE_CUSTOMER|-|INFO|-|Message|-|RequestId: e08b2f42-a656-41ae-902f-33b736c21dbf|
|2026-07-29 08:49:20||Service: ProductService|-|User: 3|-|Role: ROLE_CUSTOMER|-|INFO|-|Message|-|RequestId: 88f3ea83-b0d9-4557-bfa7-86b7c89584b9|
|2026-07-29 08:50:04||Service: ProductService|-|User: 3|-|Role: ROLE_CUSTOMER|-|INFO|-|Payment Initiated|-|RequestId: 04ea4a2a-0523-4bf4-98e6-6cefc52499f9|
|2026-07-29 08:50:05||Service: ProductService|-|User: 3|-|Role: ROLE_CUSTOMER|-|INFO|-|Order placed successfully|-|RequestId: 064bd0a0-a369-4d99-9f63-53ce3871e44f|
|2026-07-29 11:34:28||Service: ProductService|-|User: 5|-|Role: ROLE_CUSTOMER|-|INFO|-|Message|-|RequestId: 5dbf39d4-8423-434b-b552-1975181df85d|
|2026-07-29 11:35:02||Service: ProductService|-|User: 5|-|Role: ROLE_CUSTOMER|-|INFO|-|Payment Initiated|-|RequestId: 80040f0e-d397-4823-a287-0252f2dd216e|
|2026-07-29 11:35:03||Service: ProductService|-|User: 5|-|Role: ROLE_CUSTOMER|-|INFO|-|Order placed successfully|-|RequestId: f7ade4cf-2a6a-4f2e-9a6b-6e15f96cfe4b|
|2026-07-29 11:52:50||Service: ProductService|-|User: 5|-|Role: ROLE_CUSTOMER|-|INFO|-|Message|-|RequestId: 169c74e5-5913-45fd-ab87-518da1a1e676|
|2026-07-29 11:54:25||Service: ProductService|-|User: 5|-|Role: ROLE_CUSTOMER|-|INFO|-|Payment Initiated|-|RequestId: b1815c29-9a65-4246-888b-d5f4a5f1b56b|
|2026-07-29 11:54:26||Service: ProductService|-|User: 5|-|Role: ROLE_CUSTOMER|-|INFO|-|Order placed successfully|-|RequestId: e40413de-897c-4416-a475-505cfb11bc50|
